07:32:02 **** Incremental Build of configuration Release for project sine ****
make -j8 all 
arm-none-eabi-gcc "../Core/Src/main.c" -mcpu=cortex-m4 -std=gnu11 -DUSE_HAL_DRIVER -DSTM32F303xC -c -I../Core/Inc -I../Drivers/STM32F3xx_HAL_Driver/Inc/Legacy -I../Drivers/STM32F3xx_HAL_Driver/Inc -I../Drivers/CMSIS/Device/ST/STM32F3xx/Include -I../Drivers/CMSIS/Include -Os -ffunction-sections -fdata-sections -Wall -fstack-usage -fcyclomatic-complexity -MMD -MP -MF"Core/Src/main.d" -MT"Core/Src/main.o" --specs=nano.specs -mfpu=fpv4-sp-d16 -mfloat-abi=hard -mthumb -o "Core/Src/main.o"
arm-none-eabi-gcc -o "sine.elf" @"objects.list"   -mcpu=cortex-m4 -T"C:\Users\loict\STM32CubeIDE\workspace_1.12.1\sine\STM32F303VCTX_FLASH.ld" --specs=nosys.specs -Wl,-Map="sine.map" -Wl,--gc-sections -static --specs=nano.specs -mfpu=fpv4-sp-d16 -mfloat-abi=hard -mthumb -Wl,--start-group -lc -lm -Wl,--end-group
Finished building target: sine.elf
 
arm-none-eabi-size   sine.elf 
arm-none-eabi-objdump -h -S  sine.elf  > "sine.list"
   text	   data	    bss	    dec	    hex	filename
   7516	  12796	   1604	  21916	   559c	sine.elf
Finished building: default.size.stdout
 
Finished building: sine.list
 

07:32:05 Build Finished. 0 errors, 0 warnings. (took 3s.416ms)

