Archive member included to satisfy reference by file (symbol)

c:/st/stm32cubeide_1.12.1/stm32cubeide/plugins/com.st.stm32cube.ide.mcu.externaltools.gnu-tools-for-stm32.10.3-2021.10.win32_1.0.200.202301161003/tools/bin/../lib/gcc/arm-none-eabi/10.3.1/../../../../arm-none-eabi/lib/thumb/v7e-m+fp/hard\libc_nano.a(lib_a-errno.o)
                              ./Core/Src/syscalls.o (__errno)
c:/st/stm32cubeide_1.12.1/stm32cubeide/plugins/com.st.stm32cube.ide.mcu.externaltools.gnu-tools-for-stm32.10.3-2021.10.win32_1.0.200.202301161003/tools/bin/../lib/gcc/arm-none-eabi/10.3.1/../../../../arm-none-eabi/lib/thumb/v7e-m+fp/hard\libc_nano.a(lib_a-exit.o)
                              c:/st/stm32cubeide_1.12.1/stm32cubeide/plugins/com.st.stm32cube.ide.mcu.externaltools.gnu-tools-for-stm32.10.3-2021.10.win32_1.0.200.202301161003/tools/bin/../lib/gcc/arm-none-eabi/10.3.1/../../../../arm-none-eabi/lib/thumb/v7e-m+fp/hard/crt0.o (exit)
c:/st/stm32cubeide_1.12.1/stm32cubeide/plugins/com.st.stm32cube.ide.mcu.externaltools.gnu-tools-for-stm32.10.3-2021.10.win32_1.0.200.202301161003/tools/bin/../lib/gcc/arm-none-eabi/10.3.1/../../../../arm-none-eabi/lib/thumb/v7e-m+fp/hard\libc_nano.a(lib_a-impure.o)
                              c:/st/stm32cubeide_1.12.1/stm32cubeide/plugins/com.st.stm32cube.ide.mcu.externaltools.gnu-tools-for-stm32.10.3-2021.10.win32_1.0.200.202301161003/tools/bin/../lib/gcc/arm-none-eabi/10.3.1/../../../../arm-none-eabi/lib/thumb/v7e-m+fp/hard\libc_nano.a(lib_a-exit.o) (_global_impure_ptr)
c:/st/stm32cubeide_1.12.1/stm32cubeide/plugins/com.st.stm32cube.ide.mcu.externaltools.gnu-tools-for-stm32.10.3-2021.10.win32_1.0.200.202301161003/tools/bin/../lib/gcc/arm-none-eabi/10.3.1/../../../../arm-none-eabi/lib/thumb/v7e-m+fp/hard\libc_nano.a(lib_a-init.o)
                              c:/st/stm32cubeide_1.12.1/stm32cubeide/plugins/com.st.stm32cube.ide.mcu.externaltools.gnu-tools-for-stm32.10.3-2021.10.win32_1.0.200.202301161003/tools/bin/../lib/gcc/arm-none-eabi/10.3.1/../../../../arm-none-eabi/lib/thumb/v7e-m+fp/hard/crt0.o (__libc_init_array)
c:/st/stm32cubeide_1.12.1/stm32cubeide/plugins/com.st.stm32cube.ide.mcu.externaltools.gnu-tools-for-stm32.10.3-2021.10.win32_1.0.200.202301161003/tools/bin/../lib/gcc/arm-none-eabi/10.3.1/../../../../arm-none-eabi/lib/thumb/v7e-m+fp/hard\libc_nano.a(lib_a-memcpy-stub.o)
                              ./Core/Src/bubble_sort.o (memcpy)
c:/st/stm32cubeide_1.12.1/stm32cubeide/plugins/com.st.stm32cube.ide.mcu.externaltools.gnu-tools-for-stm32.10.3-2021.10.win32_1.0.200.202301161003/tools/bin/../lib/gcc/arm-none-eabi/10.3.1/../../../../arm-none-eabi/lib/thumb/v7e-m+fp/hard\libc_nano.a(lib_a-memset.o)
                              c:/st/stm32cubeide_1.12.1/stm32cubeide/plugins/com.st.stm32cube.ide.mcu.externaltools.gnu-tools-for-stm32.10.3-2021.10.win32_1.0.200.202301161003/tools/bin/../lib/gcc/arm-none-eabi/10.3.1/../../../../arm-none-eabi/lib/thumb/v7e-m+fp/hard/crt0.o (memset)

Discarded input sections

 .text          0x0000000000000000        0x0 c:/st/stm32cubeide_1.12.1/stm32cubeide/plugins/com.st.stm32cube.ide.mcu.externaltools.gnu-tools-for-stm32.10.3-2021.10.win32_1.0.200.202301161003/tools/bin/../lib/gcc/arm-none-eabi/10.3.1/thumb/v7e-m+fp/hard/crti.o
 .data          0x0000000000000000        0x0 c:/st/stm32cubeide_1.12.1/stm32cubeide/plugins/com.st.stm32cube.ide.mcu.externaltools.gnu-tools-for-stm32.10.3-2021.10.win32_1.0.200.202301161003/tools/bin/../lib/gcc/arm-none-eabi/10.3.1/thumb/v7e-m+fp/hard/crti.o
 .bss           0x0000000000000000        0x0 c:/st/stm32cubeide_1.12.1/stm32cubeide/plugins/com.st.stm32cube.ide.mcu.externaltools.gnu-tools-for-stm32.10.3-2021.10.win32_1.0.200.202301161003/tools/bin/../lib/gcc/arm-none-eabi/10.3.1/thumb/v7e-m+fp/hard/crti.o
 .data          0x0000000000000000        0x4 c:/st/stm32cubeide_1.12.1/stm32cubeide/plugins/com.st.stm32cube.ide.mcu.externaltools.gnu-tools-for-stm32.10.3-2021.10.win32_1.0.200.202301161003/tools/bin/../lib/gcc/arm-none-eabi/10.3.1/thumb/v7e-m+fp/hard/crtbegin.o
 .rodata        0x0000000000000000       0x24 c:/st/stm32cubeide_1.12.1/stm32cubeide/plugins/com.st.stm32cube.ide.mcu.externaltools.gnu-tools-for-stm32.10.3-2021.10.win32_1.0.200.202301161003/tools/bin/../lib/gcc/arm-none-eabi/10.3.1/thumb/v7e-m+fp/hard/crtbegin.o
 .text          0x0000000000000000       0x7c c:/st/stm32cubeide_1.12.1/stm32cubeide/plugins/com.st.stm32cube.ide.mcu.externaltools.gnu-tools-for-stm32.10.3-2021.10.win32_1.0.200.202301161003/tools/bin/../lib/gcc/arm-none-eabi/10.3.1/../../../../arm-none-eabi/lib/thumb/v7e-m+fp/hard/crt0.o
 .data          0x0000000000000000        0x0 c:/st/stm32cubeide_1.12.1/stm32cubeide/plugins/com.st.stm32cube.ide.mcu.externaltools.gnu-tools-for-stm32.10.3-2021.10.win32_1.0.200.202301161003/tools/bin/../lib/gcc/arm-none-eabi/10.3.1/../../../../arm-none-eabi/lib/thumb/v7e-m+fp/hard/crt0.o
[...]
Memory Configuration

Name             Origin             Length             Attributes
CCMRAM           0x0000000010000000 0x0000000000002800 xrw
RAM              0x0000000020000000 0x0000000000005800 xrw
FLASH            0x0000000008000000 0x0000000000020000 xr
*default*        0x0000000000000000 0xffffffffffffffff

Linker script and memory map

LOAD c:/st/stm32cubeide_1.12.1/stm32cubeide/plugins/com.st.stm32cube.ide.mcu.externaltools.gnu-tools-for-stm32.10.3-2021.10.win32_1.0.200.202301161003/tools/bin/../lib/gcc/arm-none-eabi/10.3.1/thumb/v7e-m+fp/hard/crti.o
LOAD c:/st/stm32cubeide_1.12.1/stm32cubeide/plugins/com.st.stm32cube.ide.mcu.externaltools.gnu-tools-for-stm32.10.3-2021.10.win32_1.0.200.202301161003/tools/bin/../lib/gcc/arm-none-eabi/10.3.1/thumb/v7e-m+fp/hard/crtbegin.o
LOAD c:/st/stm32cubeide_1.12.1/stm32cubeide/plugins/com.st.stm32cube.ide.mcu.externaltools.gnu-tools-for-stm32.10.3-2021.10.win32_1.0.200.202301161003/tools/bin/../lib/gcc/arm-none-eabi/10.3.1/../../../../arm-none-eabi/lib/thumb/v7e-m+fp/hard/crt0.o
LOAD ./Core/Src/bubble_sort.o
LOAD ./Core/Src/main.o
LOAD ./Core/Src/stm32g4xx_hal_msp.o
LOAD ./Core/Src/stm32g4xx_it.o
LOAD ./Core/Src/syscalls.o
LOAD ./Core/Src/sysmem.o
LOAD ./Core/Src/system_stm32g4xx.o
LOAD ./Core/Startup/startup_stm32g431kbtx.o
LOAD ./Drivers/STM32G4xx_HAL_Driver/Src/stm32g4xx_hal.o
LOAD ./Drivers/STM32G4xx_HAL_Driver/Src/stm32g4xx_hal_cortex.o
LOAD ./Drivers/STM32G4xx_HAL_Driver/Src/stm32g4xx_hal_dma.o
LOAD ./Drivers/STM32G4xx_HAL_Driver/Src/stm32g4xx_hal_dma_ex.o
LOAD ./Drivers/STM32G4xx_HAL_Driver/Src/stm32g4xx_hal_exti.o
LOAD ./Drivers/STM32G4xx_HAL_Driver/Src/stm32g4xx_hal_flash.o
LOAD ./Drivers/STM32G4xx_HAL_Driver/Src/stm32g4xx_hal_flash_ex.o
LOAD ./Drivers/STM32G4xx_HAL_Driver/Src/stm32g4xx_hal_flash_ramfunc.o
LOAD ./Drivers/STM32G4xx_HAL_Driver/Src/stm32g4xx_hal_gpio.o
LOAD ./Drivers/STM32G4xx_HAL_Driver/Src/stm32g4xx_hal_pwr.o
LOAD ./Drivers/STM32G4xx_HAL_Driver/Src/stm32g4xx_hal_pwr_ex.o
LOAD ./Drivers/STM32G4xx_HAL_Driver/Src/stm32g4xx_hal_rcc.o
LOAD ./Drivers/STM32G4xx_HAL_Driver/Src/stm32g4xx_hal_rcc_ex.o
LOAD ./Drivers/STM32G4xx_HAL_Driver/Src/stm32g4xx_hal_rtc.o
LOAD ./Drivers/STM32G4xx_HAL_Driver/Src/stm32g4xx_hal_rtc_ex.o
LOAD ./Drivers/STM32G4xx_HAL_Driver/Src/stm32g4xx_hal_tim.o
LOAD ./Drivers/STM32G4xx_HAL_Driver/Src/stm32g4xx_hal_tim_ex.o
START GROUP
LOAD c:/st/stm32cubeide_1.12.1/stm32cubeide/plugins/com.st.stm32cube.ide.mcu.externaltools.gnu-tools-for-stm32.10.3-2021.10.win32_1.0.200.202301161003/tools/bin/../lib/gcc/arm-none-eabi/10.3.1/../../../../arm-none-eabi/lib/thumb/v7e-m+fp/hard\libc_nano.a
LOAD c:/st/stm32cubeide_1.12.1/stm32cubeide/plugins/com.st.stm32cube.ide.mcu.externaltools.gnu-tools-for-stm32.10.3-2021.10.win32_1.0.200.202301161003/tools/bin/../lib/gcc/arm-none-eabi/10.3.1/../../../../arm-none-eabi/lib/thumb/v7e-m+fp/hard\libm.a
END GROUP
START GROUP
LOAD c:/st/stm32cubeide_1.12.1/stm32cubeide/plugins/com.st.stm32cube.ide.mcu.externaltools.gnu-tools-for-stm32.10.3-2021.10.win32_1.0.200.202301161003/tools/bin/../lib/gcc/arm-none-eabi/10.3.1/thumb/v7e-m+fp/hard\libgcc.a
LOAD c:/st/stm32cubeide_1.12.1/stm32cubeide/plugins/com.st.stm32cube.ide.mcu.externaltools.gnu-tools-for-stm32.10.3-2021.10.win32_1.0.200.202301161003/tools/bin/../lib/gcc/arm-none-eabi/10.3.1/../../../../arm-none-eabi/lib/thumb/v7e-m+fp/hard\libc_nano.a
END GROUP
START GROUP
LOAD c:/st/stm32cubeide_1.12.1/stm32cubeide/plugins/com.st.stm32cube.ide.mcu.externaltools.gnu-tools-for-stm32.10.3-2021.10.win32_1.0.200.202301161003/tools/bin/../lib/gcc/arm-none-eabi/10.3.1/thumb/v7e-m+fp/hard\libgcc.a
LOAD c:/st/stm32cubeide_1.12.1/stm32cubeide/plugins/com.st.stm32cube.ide.mcu.externaltools.gnu-tools-for-stm32.10.3-2021.10.win32_1.0.200.202301161003/tools/bin/../lib/gcc/arm-none-eabi/10.3.1/../../../../arm-none-eabi/lib/thumb/v7e-m+fp/hard\libc_nano.a
LOAD c:/st/stm32cubeide_1.12.1/stm32cubeide/plugins/com.st.stm32cube.ide.mcu.externaltools.gnu-tools-for-stm32.10.3-2021.10.win32_1.0.200.202301161003/tools/bin/../lib/gcc/arm-none-eabi/10.3.1/../../../../arm-none-eabi/lib/thumb/v7e-m+fp/hard\libnosys.a
END GROUP
START GROUP
LOAD c:/st/stm32cubeide_1.12.1/stm32cubeide/plugins/com.st.stm32cube.ide.mcu.externaltools.gnu-tools-for-stm32.10.3-2021.10.win32_1.0.200.202301161003/tools/bin/../lib/gcc/arm-none-eabi/10.3.1/thumb/v7e-m+fp/hard\libgcc.a
LOAD c:/st/stm32cubeide_1.12.1/stm32cubeide/plugins/com.st.stm32cube.ide.mcu.externaltools.gnu-tools-for-stm32.10.3-2021.10.win32_1.0.200.202301161003/tools/bin/../lib/gcc/arm-none-eabi/10.3.1/../../../../arm-none-eabi/lib/thumb/v7e-m+fp/hard\libc_nano.a
LOAD c:/st/stm32cubeide_1.12.1/stm32cubeide/plugins/com.st.stm32cube.ide.mcu.externaltools.gnu-tools-for-stm32.10.3-2021.10.win32_1.0.200.202301161003/tools/bin/../lib/gcc/arm-none-eabi/10.3.1/../../../../arm-none-eabi/lib/thumb/v7e-m+fp/hard\libnosys.a
END GROUP
LOAD c:/st/stm32cubeide_1.12.1/stm32cubeide/plugins/com.st.stm32cube.ide.mcu.externaltools.gnu-tools-for-stm32.10.3-2021.10.win32_1.0.200.202301161003/tools/bin/../lib/gcc/arm-none-eabi/10.3.1/thumb/v7e-m+fp/hard/crtend.o
LOAD c:/st/stm32cubeide_1.12.1/stm32cubeide/plugins/com.st.stm32cube.ide.mcu.externaltools.gnu-tools-for-stm32.10.3-2021.10.win32_1.0.200.202301161003/tools/bin/../lib/gcc/arm-none-eabi/10.3.1/thumb/v7e-m+fp/hard/crtn.o
                0x0000000020005800                _estack = (ORIGIN (RAM) + LENGTH (RAM))
                0x0000000000000200                _Min_Heap_Size = 0x200
                0x0000000000000400                _Min_Stack_Size = 0x400

.isr_vector     0x0000000008000000      0x1d8
                0x0000000008000000                . = ALIGN (0x4)
 *(.isr_vector)
 .isr_vector    0x0000000008000000      0x1d8 ./Core/Startup/startup_stm32g431kbtx.o
                0x0000000008000000                g_pfnVectors
                0x00000000080001d8                . = ALIGN (0x4)

.text           0x00000000080001d8     0x2660
                0x00000000080001d8                . = ALIGN (0x4)
 *(.text)
 .text          0x00000000080001d8       0x40 c:/st/stm32cubeide_1.12.1/stm32cubeide/plugins/com.st.stm32cube.ide.mcu.externaltools.gnu-tools-for-stm32.10.3-2021.10.win32_1.0.200.202301161003/tools/bin/../lib/gcc/arm-none-eabi/10.3.1/thumb/v7e-m+fp/hard/crtbegin.o
 *(.text*)
 .text.BubbleSort
                0x0000000008000218       0xac ./Core/Src/bubble_sort.o
                0x0000000008000218                BubbleSort
 .text.bubble_main
                0x00000000080002c4       0x14 ./Core/Src/bubble_sort.o
                0x00000000080002c4                bubble_main
 .text.init_tab
                0x00000000080002d8       0x24 ./Core/Src/bubble_sort.o
                0x00000000080002d8                init_tab
 .text.tested_code
                0x00000000080002fc      0x158 ./Core/Src/main.o
                0x00000000080002fc                tested_code
 .text.empty_cache
                0x0000000008000454       0x74 ./Core/Src/main.o
                0x0000000008000454                empty_cache
 .text.init_cache
                0x00000000080004c8       0x38 ./Core/Src/main.o
                0x00000000080004c8                init_cache
 .text.main     0x0000000008000500       0xc0 ./Core/Src/main.o
                0x0000000008000500                main
 .text.SystemClock_Config
                0x00000000080005c0       0x9c ./Core/Src/main.o
                0x00000000080005c0                SystemClock_Config
 .text.MX_RTC_Init
                0x000000000800065c       0x6c ./Core/Src/main.o
 .text.MX_GPIO_Init
                0x00000000080006c8      0x118 ./Core/Src/main.o
 .text.Sleep    0x00000000080007e0       0x58 ./Core/Src/main.o
                0x00000000080007e0                Sleep
 .text.change_freq
                0x0000000008000838      0x1c4 ./Core/Src/main.o
                0x0000000008000838                change_freq
 .text.range1_to_range2
                0x00000000080009fc       0x80 ./Core/Src/main.o
                0x00000000080009fc                range1_to_range2
 .text.range2_to_range1
                0x0000000008000a7c       0x58 ./Core/Src/main.o
                0x0000000008000a7c                range2_to_range1
 .text.boost_mode
                0x0000000008000ad4       0x30 ./Core/Src/main.o
                0x0000000008000ad4                boost_mode
 .text.Error_Handler
                0x0000000008000b04        0xa ./Core/Src/main.o
                0x0000000008000b04                Error_Handler
 *fill*         0x0000000008000b0e        0x2 
 .text.HAL_MspInit
                0x0000000008000b10       0x48 ./Core/Src/stm32g4xx_hal_msp.o
                0x0000000008000b10                HAL_MspInit
 .text.HAL_RTC_MspInit
                0x0000000008000b58       0x88 ./Core/Src/stm32g4xx_hal_msp.o
                0x0000000008000b58                HAL_RTC_MspInit
 .text.NMI_Handler
                0x0000000008000be0        0x6 ./Core/Src/stm32g4xx_it.o
                0x0000000008000be0                NMI_Handler
 .text.HardFault_Handler
                0x0000000008000be6        0x6 ./Core/Src/stm32g4xx_it.o
                0x0000000008000be6                HardFault_Handler
 .text.MemManage_Handler
                0x0000000008000bec        0x6 ./Core/Src/stm32g4xx_it.o
                0x0000000008000bec                MemManage_Handler
 .text.BusFault_Handler
                0x0000000008000bf2        0x6 ./Core/Src/stm32g4xx_it.o
                0x0000000008000bf2                BusFault_Handler
 .text.UsageFault_Handler
                0x0000000008000bf8        0x6 ./Core/Src/stm32g4xx_it.o
                0x0000000008000bf8                UsageFault_Handler
 .text.SVC_Handler
                0x0000000008000bfe        0xe ./Core/Src/stm32g4xx_it.o
                0x0000000008000bfe                SVC_Handler
 .text.DebugMon_Handler
                0x0000000008000c0c        0xe ./Core/Src/stm32g4xx_it.o
                0x0000000008000c0c                DebugMon_Handler
 .text.PendSV_Handler
                0x0000000008000c1a        0xe ./Core/Src/stm32g4xx_it.o
                0x0000000008000c1a                PendSV_Handler
 .text.SysTick_Handler
                0x0000000008000c28        0xc ./Core/Src/stm32g4xx_it.o
                0x0000000008000c28                SysTick_Handler
 .text.RTC_WKUP_IRQHandler
                0x0000000008000c34       0x14 ./Core/Src/stm32g4xx_it.o
                0x0000000008000c34                RTC_WKUP_IRQHandler
 .text.SystemInit
                0x0000000008000c48       0x24 ./Core/Src/system_stm32g4xx.o
                0x0000000008000c48                SystemInit
 .text.Reset_Handler
                0x0000000008000c6c       0x50 ./Core/Startup/startup_stm32g431kbtx.o
                0x0000000008000c6c                Reset_Handler
 .text.Default_Handler
                0x0000000008000cbc        0x2 ./Core/Startup/startup_stm32g431kbtx.o
                0x0000000008000cbc                RTC_Alarm_IRQHandler
                0x0000000008000cbc                EXTI2_IRQHandler
                0x0000000008000cbc                TIM8_TRG_COM_IRQHandler
                0x0000000008000cbc                TIM8_CC_IRQHandler
                0x0000000008000cbc                TIM1_CC_IRQHandler
                0x0000000008000cbc                USB_HP_IRQHandler
                0x0000000008000cbc                CORDIC_IRQHandler
                0x0000000008000cbc                EXTI3_IRQHandler
                0x0000000008000cbc                I2C3_ER_IRQHandler
                0x0000000008000cbc                EXTI0_IRQHandler
                0x0000000008000cbc                I2C2_EV_IRQHandler
                0x0000000008000cbc                FPU_IRQHandler
                0x0000000008000cbc                FDCAN1_IT1_IRQHandler
                0x0000000008000cbc                TIM1_UP_TIM16_IRQHandler
                0x0000000008000cbc                ADC1_2_IRQHandler
                0x0000000008000cbc                SPI1_IRQHandler
                0x0000000008000cbc                TIM6_DAC_IRQHandler
                0x0000000008000cbc                TIM8_UP_IRQHandler
                0x0000000008000cbc                DMA2_Channel2_IRQHandler
                0x0000000008000cbc                DMA1_Channel4_IRQHandler
                0x0000000008000cbc                USART3_IRQHandler
                0x0000000008000cbc                TIM4_IRQHandler
                0x0000000008000cbc                DMA2_Channel1_IRQHandler
                0x0000000008000cbc                I2C1_EV_IRQHandler
                0x0000000008000cbc                DMA1_Channel6_IRQHandler
                0x0000000008000cbc                UART4_IRQHandler
                0x0000000008000cbc                DMA2_Channel4_IRQHandler
                0x0000000008000cbc                TIM3_IRQHandler
                0x0000000008000cbc                RCC_IRQHandler
                0x0000000008000cbc                DMA1_Channel1_IRQHandler
                0x0000000008000cbc                Default_Handler
                0x0000000008000cbc                RTC_TAMP_LSECSS_IRQHandler
                0x0000000008000cbc                FMAC_IRQHandler
                0x0000000008000cbc                EXTI15_10_IRQHandler
                0x0000000008000cbc                TIM7_IRQHandler
                0x0000000008000cbc                UCPD1_IRQHandler
                0x0000000008000cbc                I2C3_EV_IRQHandler
                0x0000000008000cbc                EXTI9_5_IRQHandler
                0x0000000008000cbc                PVD_PVM_IRQHandler
                0x0000000008000cbc                SPI2_IRQHandler
                0x0000000008000cbc                DMA2_Channel5_IRQHandler
                0x0000000008000cbc                CRS_IRQHandler
                0x0000000008000cbc                DMA1_Channel5_IRQHandler
                0x0000000008000cbc                USB_LP_IRQHandler
                0x0000000008000cbc                EXTI4_IRQHandler
                0x0000000008000cbc                RNG_IRQHandler
                0x0000000008000cbc                TIM1_TRG_COM_TIM17_IRQHandler
                0x0000000008000cbc                DMA1_Channel3_IRQHandler
                0x0000000008000cbc                WWDG_IRQHandler
                0x0000000008000cbc                LPUART1_IRQHandler
                0x0000000008000cbc                DMA2_Channel6_IRQHandler
                0x0000000008000cbc                FDCAN1_IT0_IRQHandler
                0x0000000008000cbc                TIM2_IRQHandler
                0x0000000008000cbc                COMP1_2_3_IRQHandler
                0x0000000008000cbc                EXTI1_IRQHandler
                0x0000000008000cbc                USART2_IRQHandler
                0x0000000008000cbc                I2C2_ER_IRQHandler
                0x0000000008000cbc                DMA1_Channel2_IRQHandler
                0x0000000008000cbc                TIM8_BRK_IRQHandler
                0x0000000008000cbc                FLASH_IRQHandler
                0x0000000008000cbc                USART1_IRQHandler
                0x0000000008000cbc                SPI3_IRQHandler
                0x0000000008000cbc                I2C1_ER_IRQHandler
                0x0000000008000cbc                LPTIM1_IRQHandler
                0x0000000008000cbc                DMAMUX_OVR_IRQHandler
                0x0000000008000cbc                USBWakeUp_IRQHandler
                0x0000000008000cbc                SAI1_IRQHandler
                0x0000000008000cbc                DMA2_Channel3_IRQHandler
                0x0000000008000cbc                COMP4_IRQHandler
                0x0000000008000cbc                TIM1_BRK_TIM15_IRQHandler
 .text.HAL_Init
                0x0000000008000cbe       0x30 ./Drivers/STM32G4xx_HAL_Driver/Src/stm32g4xx_hal.o
                0x0000000008000cbe                HAL_Init
 *fill*         0x0000000008000cee        0x2 
 .text.HAL_InitTick
                0x0000000008000cf0       0x74 ./Drivers/STM32G4xx_HAL_Driver/Src/stm32g4xx_hal.o
                0x0000000008000cf0                HAL_InitTick
 .text.HAL_IncTick
                0x0000000008000d64       0x24 ./Drivers/STM32G4xx_HAL_Driver/Src/stm32g4xx_hal.o
                0x0000000008000d64                HAL_IncTick
 .text.HAL_GetTick
                0x0000000008000d88       0x18 ./Drivers/STM32G4xx_HAL_Driver/Src/stm32g4xx_hal.o
                0x0000000008000d88                HAL_GetTick
 .text.HAL_SuspendTick
                0x0000000008000da0       0x20 ./Drivers/STM32G4xx_HAL_Driver/Src/stm32g4xx_hal.o
                0x0000000008000da0                HAL_SuspendTick
 .text.HAL_ResumeTick
                0x0000000008000dc0       0x20 ./Drivers/STM32G4xx_HAL_Driver/Src/stm32g4xx_hal.o
                0x0000000008000dc0                HAL_ResumeTick
 .text.__NVIC_SetPriorityGrouping
                0x0000000008000de0       0x48 ./Drivers/STM32G4xx_HAL_Driver/Src/stm32g4xx_hal_cortex.o
 .text.__NVIC_GetPriorityGrouping
                0x0000000008000e28       0x1c ./Drivers/STM32G4xx_HAL_Driver/Src/stm32g4xx_hal_cortex.o
 .text.__NVIC_EnableIRQ
                0x0000000008000e44       0x3c ./Drivers/STM32G4xx_HAL_Driver/Src/stm32g4xx_hal_cortex.o
 .text.__NVIC_SetPriority
                0x0000000008000e80       0x54 ./Drivers/STM32G4xx_HAL_Driver/Src/stm32g4xx_hal_cortex.o
 .text.NVIC_EncodePriority
                0x0000000008000ed4       0x66 ./Drivers/STM32G4xx_HAL_Driver/Src/stm32g4xx_hal_cortex.o
 *fill*         0x0000000008000f3a        0x2 
 .text.SysTick_Config
                0x0000000008000f3c       0x44 ./Drivers/STM32G4xx_HAL_Driver/Src/stm32g4xx_hal_cortex.o
 .text.HAL_NVIC_SetPriorityGrouping
                0x0000000008000f80       0x16 ./Drivers/STM32G4xx_HAL_Driver/Src/stm32g4xx_hal_cortex.o
                0x0000000008000f80                HAL_NVIC_SetPriorityGrouping
 .text.HAL_NVIC_SetPriority
                0x0000000008000f96       0x34 ./Drivers/STM32G4xx_HAL_Driver/Src/stm32g4xx_hal_cortex.o
                0x0000000008000f96                HAL_NVIC_SetPriority
 .text.HAL_NVIC_EnableIRQ
                0x0000000008000fca       0x1c ./Drivers/STM32G4xx_HAL_Driver/Src/stm32g4xx_hal_cortex.o
                0x0000000008000fca                HAL_NVIC_EnableIRQ
 .text.HAL_SYSTICK_Config
                0x0000000008000fe6       0x18 ./Drivers/STM32G4xx_HAL_Driver/Src/stm32g4xx_hal_cortex.o
                0x0000000008000fe6                HAL_SYSTICK_Config
 *fill*         0x0000000008000ffe        0x2 
 .text.HAL_GPIO_Init
                0x0000000008001000      0x304 ./Drivers/STM32G4xx_HAL_Driver/Src/stm32g4xx_hal_gpio.o
                0x0000000008001000                HAL_GPIO_Init
 .text.HAL_PWR_EnterSTOPMode
                0x0000000008001304       0x2e ./Drivers/STM32G4xx_HAL_Driver/Src/stm32g4xx_hal_pwr.o
                0x0000000008001304                HAL_PWR_EnterSTOPMode
 *fill*         0x0000000008001332        0x2 
 .text.HAL_PWREx_ControlVoltageScaling
                0x0000000008001334      0x148 ./Drivers/STM32G4xx_HAL_Driver/Src/stm32g4xx_hal_pwr_ex.o
                0x0000000008001334                HAL_PWREx_ControlVoltageScaling
 .text.HAL_PWREx_EnterSTOP0Mode
                0x000000000800147c       0x54 ./Drivers/STM32G4xx_HAL_Driver/Src/stm32g4xx_hal_pwr_ex.o
                0x000000000800147c                HAL_PWREx_EnterSTOP0Mode
 .text.HAL_PWREx_EnterSTOP1Mode
                0x00000000080014d0       0x58 ./Drivers/STM32G4xx_HAL_Driver/Src/stm32g4xx_hal_pwr_ex.o
                0x00000000080014d0                HAL_PWREx_EnterSTOP1Mode
 .text.HAL_RCC_OscConfig
                0x0000000008001528      0x630 ./Drivers/STM32G4xx_HAL_Driver/Src/stm32g4xx_hal_rcc.o
                0x0000000008001528                HAL_RCC_OscConfig
 .text.HAL_RCC_ClockConfig
                0x0000000008001b58      0x278 ./Drivers/STM32G4xx_HAL_Driver/Src/stm32g4xx_hal_rcc.o
                0x0000000008001b58                HAL_RCC_ClockConfig
 .text.HAL_RCC_GetSysClockFreq
                0x0000000008001dd0       0xc4 ./Drivers/STM32G4xx_HAL_Driver/Src/stm32g4xx_hal_rcc.o
                0x0000000008001dd0                HAL_RCC_GetSysClockFreq
 .text.HAL_RCC_GetClockConfig
                0x0000000008001e94       0x64 ./Drivers/STM32G4xx_HAL_Driver/Src/stm32g4xx_hal_rcc.o
                0x0000000008001e94                HAL_RCC_GetClockConfig
 .text.RCC_GetSysClockFreqFromPLLSource
                0x0000000008001ef8       0x8c ./Drivers/STM32G4xx_HAL_Driver/Src/stm32g4xx_hal_rcc.o
 .text.HAL_RCCEx_PeriphCLKConfig
                0x0000000008001f84      0x3e0 ./Drivers/STM32G4xx_HAL_Driver/Src/stm32g4xx_hal_rcc_ex.o
                0x0000000008001f84                HAL_RCCEx_PeriphCLKConfig
 .text.HAL_RTC_Init
                0x0000000008002364       0xea ./Drivers/STM32G4xx_HAL_Driver/Src/stm32g4xx_hal_rtc.o
                0x0000000008002364                HAL_RTC_Init
 .text.HAL_RTC_WaitForSynchro
                0x000000000800244e       0x4c ./Drivers/STM32G4xx_HAL_Driver/Src/stm32g4xx_hal_rtc.o
                0x000000000800244e                HAL_RTC_WaitForSynchro
 .text.RTC_EnterInitMode
                0x000000000800249a       0x6c ./Drivers/STM32G4xx_HAL_Driver/Src/stm32g4xx_hal_rtc.o
                0x000000000800249a                RTC_EnterInitMode
 .text.RTC_ExitInitMode
                0x0000000008002506       0x86 ./Drivers/STM32G4xx_HAL_Driver/Src/stm32g4xx_hal_rtc.o
                0x0000000008002506                RTC_ExitInitMode
 .text.HAL_RTCEx_SetWakeUpTimer_IT
                0x000000000800258c      0x10c ./Drivers/STM32G4xx_HAL_Driver/Src/stm32g4xx_hal_rtc_ex.o
                0x000000000800258c                HAL_RTCEx_SetWakeUpTimer_IT
 .text.HAL_RTCEx_DeactivateWakeUpTimer
                0x0000000008002698       0xb8 ./Drivers/STM32G4xx_HAL_Driver/Src/stm32g4xx_hal_rtc_ex.o
                0x0000000008002698                HAL_RTCEx_DeactivateWakeUpTimer
 .text.HAL_RTCEx_WakeUpTimerIRQHandler
                0x0000000008002750       0x40 ./Drivers/STM32G4xx_HAL_Driver/Src/stm32g4xx_hal_rtc_ex.o
                0x0000000008002750                HAL_RTCEx_WakeUpTimerIRQHandler
 .text.HAL_RTCEx_WakeUpTimerEventCallback
                0x0000000008002790       0x14 ./Drivers/STM32G4xx_HAL_Driver/Src/stm32g4xx_hal_rtc_ex.o
                0x0000000008002790                HAL_RTCEx_WakeUpTimerEventCallback
 .text.__libc_init_array
                0x00000000080027a4       0x48 c:/st/stm32cubeide_1.12.1/stm32cubeide/plugins/com.st.stm32cube.ide.mcu.externaltools.gnu-tools-for-stm32.10.3-2021.10.win32_1.0.200.202301161003/tools/bin/../lib/gcc/arm-none-eabi/10.3.1/../../../../arm-none-eabi/lib/thumb/v7e-m+fp/hard\libc_nano.a(lib_a-init.o)
                0x00000000080027a4                __libc_init_array
 .text.memcpy   0x00000000080027ec       0x1c c:/st/stm32cubeide_1.12.1/stm32cubeide/plugins/com.st.stm32cube.ide.mcu.externaltools.gnu-tools-for-stm32.10.3-2021.10.win32_1.0.200.202301161003/tools/bin/../lib/gcc/arm-none-eabi/10.3.1/../../../../arm-none-eabi/lib/thumb/v7e-m+fp/hard\libc_nano.a(lib_a-memcpy-stub.o)
                0x00000000080027ec                memcpy
 .text.memset   0x0000000008002808       0x10 c:/st/stm32cubeide_1.12.1/stm32cubeide/plugins/com.st.stm32cube.ide.mcu.externaltools.gnu-tools-for-stm32.10.3-2021.10.win32_1.0.200.202301161003/tools/bin/../lib/gcc/arm-none-eabi/10.3.1/../../../../arm-none-eabi/lib/thumb/v7e-m+fp/hard\libc_nano.a(lib_a-memset.o)
                0x0000000008002808                memset
 *(.glue_7)
 .glue_7        0x0000000008002818        0x0 linker stubs
 *(.glue_7t)
 .glue_7t       0x0000000008002818        0x0 linker stubs
 *(.eh_frame)
 .eh_frame      0x0000000008002818        0x0 c:/st/stm32cubeide_1.12.1/stm32cubeide/plugins/com.st.stm32cube.ide.mcu.externaltools.gnu-tools-for-stm32.10.3-2021.10.win32_1.0.200.202301161003/tools/bin/../lib/gcc/arm-none-eabi/10.3.1/thumb/v7e-m+fp/hard/crtbegin.o
 *(.init)
 .init          0x0000000008002818        0x4 c:/st/stm32cubeide_1.12.1/stm32cubeide/plugins/com.st.stm32cube.ide.mcu.externaltools.gnu-tools-for-stm32.10.3-2021.10.win32_1.0.200.202301161003/tools/bin/../lib/gcc/arm-none-eabi/10.3.1/thumb/v7e-m+fp/hard/crti.o
                0x0000000008002818                _init
 .init          0x000000000800281c        0x8 c:/st/stm32cubeide_1.12.1/stm32cubeide/plugins/com.st.stm32cube.ide.mcu.externaltools.gnu-tools-for-stm32.10.3-2021.10.win32_1.0.200.202301161003/tools/bin/../lib/gcc/arm-none-eabi/10.3.1/thumb/v7e-m+fp/hard/crtn.o
 *(.fini)
 .fini          0x0000000008002824        0x4 c:/st/stm32cubeide_1.12.1/stm32cubeide/plugins/com.st.stm32cube.ide.mcu.externaltools.gnu-tools-for-stm32.10.3-2021.10.win32_1.0.200.202301161003/tools/bin/../lib/gcc/arm-none-eabi/10.3.1/thumb/v7e-m+fp/hard/crti.o
                0x0000000008002824                _fini
 .fini          0x0000000008002828        0x8 c:/st/stm32cubeide_1.12.1/stm32cubeide/plugins/com.st.stm32cube.ide.mcu.externaltools.gnu-tools-for-stm32.10.3-2021.10.win32_1.0.200.202301161003/tools/bin/../lib/gcc/arm-none-eabi/10.3.1/thumb/v7e-m+fp/hard/crtn.o
 .fini.__stub   0x0000000008002830        0x8 linker stubs
                0x0000000008002838                . = ALIGN (0x4)
                0x0000000008002838                _etext = .

.vfp11_veneer   0x0000000008002838        0x0
 .vfp11_veneer  0x0000000008002838        0x0 linker stubs

.v4_bx          0x0000000008002838        0x0
 .v4_bx         0x0000000008002838        0x0 linker stubs

.iplt           0x0000000008002838        0x0
 .iplt          0x0000000008002838        0x0 c:/st/stm32cubeide_1.12.1/stm32cubeide/plugins/com.st.stm32cube.ide.mcu.externaltools.gnu-tools-for-stm32.10.3-2021.10.win32_1.0.200.202301161003/tools/bin/../lib/gcc/arm-none-eabi/10.3.1/thumb/v7e-m+fp/hard/crtbegin.o

.rodata         0x0000000008002838     0x1030
                0x0000000008002838                . = ALIGN (0x4)
 *(.rodata)
 .rodata        0x0000000008002838       0x80 ./Core/Src/main.o
 *(.rodata*)
 .rodata.srcArrayInFlash
                0x00000000080028b8      0xfa0 ./Core/Src/bubble_sort.o
                0x00000000080028b8                srcArrayInFlash
 .rodata.AHBPrescTable
                0x0000000008003858       0x10 ./Core/Src/system_stm32g4xx.o
                0x0000000008003858                AHBPrescTable
                0x0000000008003868                . = ALIGN (0x4)

.ARM.extab      0x0000000008003868        0x0
                0x0000000008003868                . = ALIGN (0x4)
 *(.ARM.extab* .gnu.linkonce.armextab.*)
                0x0000000008003868                . = ALIGN (0x4)

.ARM            0x0000000008003868        0x0
                0x0000000008003868                . = ALIGN (0x4)
                0x0000000008003868                __exidx_start = .
 *(.ARM.exidx*)
                0x0000000008003868                __exidx_end = .
                0x0000000008003868                . = ALIGN (0x4)

.preinit_array  0x0000000008003868        0x0
                0x0000000008003868                . = ALIGN (0x4)
                0x0000000008003868                PROVIDE (__preinit_array_start = .)
 *(.preinit_array*)
                0x0000000008003868                PROVIDE (__preinit_array_end = .)
                0x0000000008003868                . = ALIGN (0x4)

.init_array     0x0000000008003868        0x4
                0x0000000008003868                . = ALIGN (0x4)
                0x0000000008003868                PROVIDE (__init_array_start = .)
 *(SORT_BY_NAME(.init_array.*))
 *(.init_array*)
 .init_array    0x0000000008003868        0x4 c:/st/stm32cubeide_1.12.1/stm32cubeide/plugins/com.st.stm32cube.ide.mcu.externaltools.gnu-tools-for-stm32.10.3-2021.10.win32_1.0.200.202301161003/tools/bin/../lib/gcc/arm-none-eabi/10.3.1/thumb/v7e-m+fp/hard/crtbegin.o
                0x000000000800386c                PROVIDE (__init_array_end = .)
                0x000000000800386c                . = ALIGN (0x4)

.fini_array     0x000000000800386c        0x4
                0x000000000800386c                . = ALIGN (0x4)
                [!provide]                        PROVIDE (__fini_array_start = .)
 *(SORT_BY_NAME(.fini_array.*))
 *(.fini_array*)
 .fini_array    0x000000000800386c        0x4 c:/st/stm32cubeide_1.12.1/stm32cubeide/plugins/com.st.stm32cube.ide.mcu.externaltools.gnu-tools-for-stm32.10.3-2021.10.win32_1.0.200.202301161003/tools/bin/../lib/gcc/arm-none-eabi/10.3.1/thumb/v7e-m+fp/hard/crtbegin.o
                [!provide]                        PROVIDE (__fini_array_end = .)
                0x0000000008003870                . = ALIGN (0x4)
                0x0000000008003870                _sidata = LOADADDR (.data)

.data           0x0000000020000000      0xfac load address 0x0000000008003870
                0x0000000020000000                . = ALIGN (0x4)
                0x0000000020000000                _sdata = .
 *(.data)
 .data          0x0000000020000000      0xfa0 ./Core/Src/bubble_sort.o
                0x0000000020000000                srcArrayInRAM
 *(.data*)
 .data.SystemCoreClock
                0x0000000020000fa0        0x4 ./Core/Src/system_stm32g4xx.o
                0x0000000020000fa0                SystemCoreClock
 .data.uwTickPrio
                0x0000000020000fa4        0x4 ./Drivers/STM32G4xx_HAL_Driver/Src/stm32g4xx_hal.o
                0x0000000020000fa4                uwTickPrio
 .data.uwTickFreq
                0x0000000020000fa8        0x4 ./Drivers/STM32G4xx_HAL_Driver/Src/stm32g4xx_hal.o
                0x0000000020000fa8                uwTickFreq
 *(.RamFunc)
 *(.RamFunc*)
                0x0000000020000fac                . = ALIGN (0x4)
                0x0000000020000fac                _edata = .
                0x0000000010000000                _siccmram = LOADADDR (.ccmram)

.igot.plt       0x0000000020000fac        0x0 load address 0x000000000800481c
 .igot.plt      0x0000000020000fac        0x0 c:/st/stm32cubeide_1.12.1/stm32cubeide/plugins/com.st.stm32cube.ide.mcu.externaltools.gnu-tools-for-stm32.10.3-2021.10.win32_1.0.200.202301161003/tools/bin/../lib/gcc/arm-none-eabi/10.3.1/thumb/v7e-m+fp/hard/crtbegin.o

.ccmram         0x0000000010000000       0xc0
                0x0000000010000000                . = ALIGN (0x4)
                0x0000000010000000                _sccmram = .
 *(.ccmram)
 .ccmram        0x0000000010000000       0xc0 ./Core/Src/bubble_sort.o
                0x0000000010000000                BubbleSortCCM
                0x00000000100000ac                bubble_main_ccm
                0x00000000100000c0                . = ALIGN (0x4)
                0x00000000100000c0                _eccmram = .

.rel.dyn        0x00000000100000c0        0x0
 .rel.iplt      0x00000000100000c0        0x0 c:/st/stm32cubeide_1.12.1/stm32cubeide/plugins/com.st.stm32cube.ide.mcu.externaltools.gnu-tools-for-stm32.10.3-2021.10.win32_1.0.200.202301161003/tools/bin/../lib/gcc/arm-none-eabi/10.3.1/thumb/v7e-m+fp/hard/crtbegin.o

.ccmramdata     0x00000000100000c0        0x0
                0x00000000100000c0                . = ALIGN (0x4)
                0x00000000100000c0                _sccmramdata = .
 *(.ccmramdata)
                0x00000000100000c0                . = ALIGN (0x4)
                0x00000000100000c0                _eccmramdata = .
                0x00000000100000c0                . = ALIGN (0x4)

.bss            0x0000000020000fac       0x4c
                0x0000000020000fac                _sbss = .
                0x0000000020000fac                __bss_start__ = _sbss
 *(.bss)
 .bss           0x0000000020000fac       0x1c c:/st/stm32cubeide_1.12.1/stm32cubeide/plugins/com.st.stm32cube.ide.mcu.externaltools.gnu-tools-for-stm32.10.3-2021.10.win32_1.0.200.202301161003/tools/bin/../lib/gcc/arm-none-eabi/10.3.1/thumb/v7e-m+fp/hard/crtbegin.o
 *(.bss*)
 .bss.hrtc      0x0000000020000fc8       0x28 ./Core/Src/main.o
                0x0000000020000fc8                hrtc
 .bss.current_frequency
                0x0000000020000ff0        0x4 ./Core/Src/main.o
                0x0000000020000ff0                current_frequency
 .bss.uwTick    0x0000000020000ff4        0x4 ./Drivers/STM32G4xx_HAL_Driver/Src/stm32g4xx_hal.o
                0x0000000020000ff4                uwTick
 *(COMMON)
                0x0000000020000ff8                . = ALIGN (0x4)
                0x0000000020000ff8                _ebss = .
                0x0000000020000ff8                __bss_end__ = _ebss

._user_heap_stack
                0x0000000020000ff8      0x600
                0x0000000020000ff8                . = ALIGN (0x8)
                [!provide]                        PROVIDE (end = .)
                0x0000000020000ff8                PROVIDE (_end = .)
                0x00000000200011f8                . = (. + _Min_Heap_Size)
 *fill*         0x0000000020000ff8      0x200 
                0x00000000200015f8                . = (. + _Min_Stack_Size)
 *fill*         0x00000000200011f8      0x400 
                0x00000000200015f8                . = ALIGN (0x8)

/DISCARD/
 libc.a(*)
 libm.a(*)
 libgcc.a(*)

.ARM.attributes
                0x0000000000000000       0x30
 *(.ARM.attributes)
 .ARM.attributes
                0x0000000000000000       0x1e c:/st/stm32cubeide_1.12.1/stm32cubeide/plugins/com.st.stm32cube.ide.mcu.externaltools.gnu-tools-for-stm32.10.3-2021.10.win32_1.0.200.202301161003/tools/bin/../lib/gcc/arm-none-eabi/10.3.1/thumb/v7e-m+fp/hard/crti.o
 .ARM.attributes
                0x000000000000001e       0x34 c:/st/stm32cubeide_1.12.1/stm32cubeide/plugins/com.st.stm32cube.ide.mcu.externaltools.gnu-tools-for-stm32.10.3-2021.10.win32_1.0.200.202301161003/tools/bin/../lib/gcc/arm-none-eabi/10.3.1/thumb/v7e-m+fp/hard/crtbegin.o
 .ARM.attributes
                0x0000000000000052       0x34 ./Core/Src/bubble_sort.o
 .ARM.attributes
                0x0000000000000086       0x34 ./Core/Src/main.o
 .ARM.attributes
                0x00000000000000ba       0x34 ./Core/Src/stm32g4xx_hal_msp.o
 .ARM.attributes
                0x00000000000000ee       0x34 ./Core/Src/stm32g4xx_it.o
 .ARM.attributes
                0x0000000000000122       0x34 ./Core/Src/system_stm32g4xx.o
 .ARM.attributes
                0x0000000000000156       0x21 ./Core/Startup/startup_stm32g431kbtx.o
 .ARM.attributes
                0x0000000000000177       0x34 ./Drivers/STM32G4xx_HAL_Driver/Src/stm32g4xx_hal.o
 .ARM.attributes
                0x00000000000001ab       0x34 ./Drivers/STM32G4xx_HAL_Driver/Src/stm32g4xx_hal_cortex.o
 .ARM.attributes
                0x00000000000001df       0x34 ./Drivers/STM32G4xx_HAL_Driver/Src/stm32g4xx_hal_gpio.o
 .ARM.attributes
                0x0000000000000213       0x34 ./Drivers/STM32G4xx_HAL_Driver/Src/stm32g4xx_hal_pwr.o
 .ARM.attributes
                0x0000000000000247       0x34 ./Drivers/STM32G4xx_HAL_Driver/Src/stm32g4xx_hal_pwr_ex.o
 .ARM.attributes
                0x000000000000027b       0x34 ./Drivers/STM32G4xx_HAL_Driver/Src/stm32g4xx_hal_rcc.o
 .ARM.attributes
                0x00000000000002af       0x34 ./Drivers/STM32G4xx_HAL_Driver/Src/stm32g4xx_hal_rcc_ex.o
 .ARM.attributes
                0x00000000000002e3       0x34 ./Drivers/STM32G4xx_HAL_Driver/Src/stm32g4xx_hal_rtc.o
 .ARM.attributes
                0x0000000000000317       0x34 ./Drivers/STM32G4xx_HAL_Driver/Src/stm32g4xx_hal_rtc_ex.o
 .ARM.attributes
                0x000000000000034b       0x34 c:/st/stm32cubeide_1.12.1/stm32cubeide/plugins/com.st.stm32cube.ide.mcu.externaltools.gnu-tools-for-stm32.10.3-2021.10.win32_1.0.200.202301161003/tools/bin/../lib/gcc/arm-none-eabi/10.3.1/../../../../arm-none-eabi/lib/thumb/v7e-m+fp/hard\libc_nano.a(lib_a-init.o)
 .ARM.attributes
                0x000000000000037f       0x34 c:/st/stm32cubeide_1.12.1/stm32cubeide/plugins/com.st.stm32cube.ide.mcu.externaltools.gnu-tools-for-stm32.10.3-2021.10.win32_1.0.200.202301161003/tools/bin/../lib/gcc/arm-none-eabi/10.3.1/../../../../arm-none-eabi/lib/thumb/v7e-m+fp/hard\libc_nano.a(lib_a-memcpy-stub.o)
 .ARM.attributes
                0x00000000000003b3       0x34 c:/st/stm32cubeide_1.12.1/stm32cubeide/plugins/com.st.stm32cube.ide.mcu.externaltools.gnu-tools-for-stm32.10.3-2021.10.win32_1.0.200.202301161003/tools/bin/../lib/gcc/arm-none-eabi/10.3.1/../../../../arm-none-eabi/lib/thumb/v7e-m+fp/hard\libc_nano.a(lib_a-memset.o)
 .ARM.attributes
                0x00000000000003e7       0x1e c:/st/stm32cubeide_1.12.1/stm32cubeide/plugins/com.st.stm32cube.ide.mcu.externaltools.gnu-tools-for-stm32.10.3-2021.10.win32_1.0.200.202301161003/tools/bin/../lib/gcc/arm-none-eabi/10.3.1/thumb/v7e-m+fp/hard/crtn.o
OUTPUT(bubble_sort.elf elf32-littlearm)
LOAD linker stubs
LOAD c:/st/stm32cubeide_1.12.1/stm32cubeide/plugins/com.st.stm32cube.ide.mcu.externaltools.gnu-tools-for-stm32.10.3-2021.10.win32_1.0.200.202301161003/tools/bin/../lib/gcc/arm-none-eabi/10.3.1/../../../../arm-none-eabi/lib/thumb/v7e-m+fp/hard\libc.a
LOAD c:/st/stm32cubeide_1.12.1/stm32cubeide/plugins/com.st.stm32cube.ide.mcu.externaltools.gnu-tools-for-stm32.10.3-2021.10.win32_1.0.200.202301161003/tools/bin/../lib/gcc/arm-none-eabi/10.3.1/../../../../arm-none-eabi/lib/thumb/v7e-m+fp/hard\libm.a
LOAD c:/st/stm32cubeide_1.12.1/stm32cubeide/plugins/com.st.stm32cube.ide.mcu.externaltools.gnu-tools-for-stm32.10.3-2021.10.win32_1.0.200.202301161003/tools/bin/../lib/gcc/arm-none-eabi/10.3.1/thumb/v7e-m+fp/hard\libgcc.a

.debug_info     0x0000000000000000     0x9317
 .debug_info    0x0000000000000000      0x1c6 ./Core/Src/bubble_sort.o
 .debug_info    0x00000000000001c6      0xf6b ./Core/Src/main.o
 .debug_info    0x0000000000001131      0x9bb ./Core/Src/stm32g4xx_hal_msp.o
 .debug_info    0x0000000000001aec      0x40d ./Core/Src/stm32g4xx_it.o
 .debug_info    0x0000000000001ef9      0x59f ./Core/Src/system_stm32g4xx.o
 .debug_info    0x0000000000002498       0x22 ./Core/Startup/startup_stm32g431kbtx.o
 .debug_info    0x00000000000024ba      0xae3 ./Drivers/STM32G4xx_HAL_Driver/Src/stm32g4xx_hal.o
 .debug_info    0x0000000000002f9d      0xdc4 ./Drivers/STM32G4xx_HAL_Driver/Src/stm32g4xx_hal_cortex.o
 .debug_info    0x0000000000003d61      0x82f ./Drivers/STM32G4xx_HAL_Driver/Src/stm32g4xx_hal_gpio.o
 .debug_info    0x0000000000004590      0x961 ./Drivers/STM32G4xx_HAL_Driver/Src/stm32g4xx_hal_pwr.o
 .debug_info    0x0000000000004ef1      0x983 ./Drivers/STM32G4xx_HAL_Driver/Src/stm32g4xx_hal_pwr_ex.o
 .debug_info    0x0000000000005874      0xc53 ./Drivers/STM32G4xx_HAL_Driver/Src/stm32g4xx_hal_rcc.o
 .debug_info    0x00000000000064c7      0xcfe ./Drivers/STM32G4xx_HAL_Driver/Src/stm32g4xx_hal_rcc_ex.o
 .debug_info    0x00000000000071c5      0xe8a ./Drivers/STM32G4xx_HAL_Driver/Src/stm32g4xx_hal_rtc.o
 .debug_info    0x000000000000804f     0x12c8 ./Drivers/STM32G4xx_HAL_Driver/Src/stm32g4xx_hal_rtc_ex.o

.debug_abbrev   0x0000000000000000     0x1c22
 .debug_abbrev  0x0000000000000000       0xe3 ./Core/Src/bubble_sort.o
 .debug_abbrev  0x00000000000000e3      0x32b ./Core/Src/main.o
 .debug_abbrev  0x000000000000040e      0x183 ./Core/Src/stm32g4xx_hal_msp.o
 .debug_abbrev  0x0000000000000591      0x13e ./Core/Src/stm32g4xx_it.o
 .debug_abbrev  0x00000000000006cf      0x116 ./Core/Src/system_stm32g4xx.o
 .debug_abbrev  0x00000000000007e5       0x12 ./Core/Startup/startup_stm32g431kbtx.o
 .debug_abbrev  0x00000000000007f7      0x269 ./Drivers/STM32G4xx_HAL_Driver/Src/stm32g4xx_hal.o
 .debug_abbrev  0x0000000000000a60      0x30d ./Drivers/STM32G4xx_HAL_Driver/Src/stm32g4xx_hal_cortex.o
 .debug_abbrev  0x0000000000000d6d      0x1bb ./Drivers/STM32G4xx_HAL_Driver/Src/stm32g4xx_hal_gpio.o
 .debug_abbrev  0x0000000000000f28      0x1c0 ./Drivers/STM32G4xx_HAL_Driver/Src/stm32g4xx_hal_pwr.o
 .debug_abbrev  0x00000000000010e8      0x229 ./Drivers/STM32G4xx_HAL_Driver/Src/stm32g4xx_hal_pwr_ex.o
 .debug_abbrev  0x0000000000001311      0x2bd ./Drivers/STM32G4xx_HAL_Driver/Src/stm32g4xx_hal_rcc.o
 .debug_abbrev  0x00000000000015ce      0x247 ./Drivers/STM32G4xx_HAL_Driver/Src/stm32g4xx_hal_rcc_ex.o
 .debug_abbrev  0x0000000000001815      0x1ee ./Drivers/STM32G4xx_HAL_Driver/Src/stm32g4xx_hal_rtc.o
 .debug_abbrev  0x0000000000001a03      0x21f ./Drivers/STM32G4xx_HAL_Driver/Src/stm32g4xx_hal_rtc_ex.o

.debug_aranges  0x0000000000000000      0x9c8
 .debug_aranges
                0x0000000000000000       0x40 ./Core/Src/bubble_sort.o
 .debug_aranges
                0x0000000000000040       0x80 ./Core/Src/main.o
 .debug_aranges
                0x00000000000000c0       0x30 ./Core/Src/stm32g4xx_hal_msp.o
 .debug_aranges
                0x00000000000000f0       0x68 ./Core/Src/stm32g4xx_it.o
 .debug_aranges
                0x0000000000000158       0x28 ./Core/Src/system_stm32g4xx.o
 .debug_aranges
                0x0000000000000180       0x28 ./Core/Startup/startup_stm32g431kbtx.o
 .debug_aranges
                0x00000000000001a8      0x130 ./Drivers/STM32G4xx_HAL_Driver/Src/stm32g4xx_hal.o
 .debug_aranges
                0x00000000000002d8      0x118 ./Drivers/STM32G4xx_HAL_Driver/Src/stm32g4xx_hal_cortex.o
 .debug_aranges
                0x00000000000003f0       0x58 ./Drivers/STM32G4xx_HAL_Driver/Src/stm32g4xx_hal_gpio.o
 .debug_aranges
                0x0000000000000448       0x98 ./Drivers/STM32G4xx_HAL_Driver/Src/stm32g4xx_hal_pwr.o
 .debug_aranges
                0x00000000000004e0      0x140 ./Drivers/STM32G4xx_HAL_Driver/Src/stm32g4xx_hal_pwr_ex.o
 .debug_aranges
                0x0000000000000620       0x98 ./Drivers/STM32G4xx_HAL_Driver/Src/stm32g4xx_hal_rcc.o
 .debug_aranges
                0x00000000000006b8       0xb0 ./Drivers/STM32G4xx_HAL_Driver/Src/stm32g4xx_hal_rcc_ex.o
 .debug_aranges
                0x0000000000000768       0xe8 ./Drivers/STM32G4xx_HAL_Driver/Src/stm32g4xx_hal_rtc.o
 .debug_aranges
                0x0000000000000850      0x178 ./Drivers/STM32G4xx_HAL_Driver/Src/stm32g4xx_hal_rtc_ex.o

.debug_ranges   0x0000000000000000      0x8e0
 .debug_ranges  0x0000000000000000       0x30 ./Core/Src/bubble_sort.o
 .debug_ranges  0x0000000000000030       0x70 ./Core/Src/main.o
 .debug_ranges  0x00000000000000a0       0x20 ./Core/Src/stm32g4xx_hal_msp.o
 .debug_ranges  0x00000000000000c0       0x58 ./Core/Src/stm32g4xx_it.o
 .debug_ranges  0x0000000000000118       0x18 ./Core/Src/system_stm32g4xx.o
 .debug_ranges  0x0000000000000130       0x20 ./Core/Startup/startup_stm32g431kbtx.o
 .debug_ranges  0x0000000000000150      0x120 ./Drivers/STM32G4xx_HAL_Driver/Src/stm32g4xx_hal.o
 .debug_ranges  0x0000000000000270      0x108 ./Drivers/STM32G4xx_HAL_Driver/Src/stm32g4xx_hal_cortex.o
 .debug_ranges  0x0000000000000378       0x48 ./Drivers/STM32G4xx_HAL_Driver/Src/stm32g4xx_hal_gpio.o
 .debug_ranges  0x00000000000003c0       0x88 ./Drivers/STM32G4xx_HAL_Driver/Src/stm32g4xx_hal_pwr.o
 .debug_ranges  0x0000000000000448      0x130 ./Drivers/STM32G4xx_HAL_Driver/Src/stm32g4xx_hal_pwr_ex.o
 .debug_ranges  0x0000000000000578       0x88 ./Drivers/STM32G4xx_HAL_Driver/Src/stm32g4xx_hal_rcc.o
 .debug_ranges  0x0000000000000600       0xa0 ./Drivers/STM32G4xx_HAL_Driver/Src/stm32g4xx_hal_rcc_ex.o
 .debug_ranges  0x00000000000006a0       0xd8 ./Drivers/STM32G4xx_HAL_Driver/Src/stm32g4xx_hal_rtc.o
 .debug_ranges  0x0000000000000778      0x168 ./Drivers/STM32G4xx_HAL_Driver/Src/stm32g4xx_hal_rtc_ex.o

.debug_macro    0x0000000000000000    0x1d37c
 .debug_macro   0x0000000000000000      0x114 ./Core/Src/bubble_sort.o
 .debug_macro   0x0000000000000114      0xa78 ./Core/Src/bubble_sort.o
 .debug_macro   0x0000000000000b8c       0x22 ./Core/Src/bubble_sort.o
 .debug_macro   0x0000000000000bae       0x4c ./Core/Src/bubble_sort.o
 .debug_macro   0x0000000000000bfa       0x1e ./Core/Src/bubble_sort.o
 .debug_macro   0x0000000000000c18       0x94 ./Core/Src/bubble_sort.o
 .debug_macro   0x0000000000000cac       0x3c ./Core/Src/bubble_sort.o
 .debug_macro   0x0000000000000ce8       0x34 ./Core/Src/bubble_sort.o
 .debug_macro   0x0000000000000d1c      0x174 ./Core/Src/bubble_sort.o
 .debug_macro   0x0000000000000e90       0x16 ./Core/Src/bubble_sort.o
 .debug_macro   0x0000000000000ea6       0x43 ./Core/Src/bubble_sort.o
 .debug_macro   0x0000000000000ee9       0x57 ./Core/Src/bubble_sort.o
 .debug_macro   0x0000000000000f40       0x34 ./Core/Src/bubble_sort.o
 .debug_macro   0x0000000000000f74       0x10 ./Core/Src/bubble_sort.o
 .debug_macro   0x0000000000000f84       0x58 ./Core/Src/bubble_sort.o
 .debug_macro   0x0000000000000fdc       0x71 ./Core/Src/bubble_sort.o
 .debug_macro   0x000000000000104d       0x1c ./Core/Src/bubble_sort.o
 .debug_macro   0x0000000000001069      0x12a ./Core/Src/bubble_sort.o
 .debug_macro   0x0000000000001193      0x341 ./Core/Src/bubble_sort.o
 .debug_macro   0x00000000000014d4       0x10 ./Core/Src/bubble_sort.o
 .debug_macro   0x00000000000014e4       0x35 ./Core/Src/bubble_sort.o
 .debug_macro   0x0000000000001519       0x20 ./Core/Src/bubble_sort.o
 .debug_macro   0x0000000000001539       0x1c ./Core/Src/bubble_sort.o
 .debug_macro   0x0000000000001555      0x372 ./Core/Src/main.o
 .debug_macro   0x00000000000018c7      0x155 ./Core/Src/main.o
 .debug_macro   0x0000000000001a1c       0x2e ./Core/Src/main.o
 .debug_macro   0x0000000000001a4a       0x28 ./Core/Src/main.o
 .debug_macro   0x0000000000001a72       0x8e ./Core/Src/main.o
 .debug_macro   0x0000000000001b00       0x51 ./Core/Src/main.o
 .debug_macro   0x0000000000001b51      0x103 ./Core/Src/main.o
 .debug_macro   0x0000000000001c54       0x6a ./Core/Src/main.o
 .debug_macro   0x0000000000001cbe      0x1df ./Core/Src/main.o
 .debug_macro   0x0000000000001e9d       0x1c ./Core/Src/main.o
 .debug_macro   0x0000000000001eb9       0x22 ./Core/Src/main.o
 .debug_macro   0x0000000000001edb       0xfb ./Core/Src/main.o
 .debug_macro   0x0000000000001fd6     0x1011 ./Core/Src/main.o
 .debug_macro   0x0000000000002fe7      0x11f ./Core/Src/main.o
 .debug_macro   0x0000000000003106    0x11396 ./Core/Src/main.o
 .debug_macro   0x000000000001449c       0x6d ./Core/Src/main.o
 .debug_macro   0x0000000000014509     0x3554 ./Core/Src/main.o
 .debug_macro   0x0000000000017a5d       0x5c ./Core/Src/main.o
 .debug_macro   0x0000000000017ab9     0x141d ./Core/Src/main.o
 .debug_macro   0x0000000000018ed6      0x535 ./Core/Src/main.o
 .debug_macro   0x000000000001940b      0x1b6 ./Core/Src/main.o
 .debug_macro   0x00000000000195c1      0x288 ./Core/Src/main.o
 .debug_macro   0x0000000000019849      0x41d ./Core/Src/main.o
 .debug_macro   0x0000000000019c66      0x18b ./Core/Src/main.o
 .debug_macro   0x0000000000019df1       0x43 ./Core/Src/main.o
 .debug_macro   0x0000000000019e34      0x23d ./Core/Src/main.o
 .debug_macro   0x000000000001a071      0x211 ./Core/Src/main.o
 .debug_macro   0x000000000001a282      0x401 ./Core/Src/main.o
 .debug_macro   0x000000000001a683      0x107 ./Core/Src/main.o
 .debug_macro   0x000000000001a78a      0x122 ./Core/Src/main.o
 .debug_macro   0x000000000001a8ac      0x3d1 ./Core/Src/main.o
 .debug_macro   0x000000000001ac7d      0x360 ./Core/Src/main.o
 .debug_macro   0x000000000001afdd      0x543 ./Core/Src/main.o
 .debug_macro   0x000000000001b520       0xdd ./Core/Src/main.o
 .debug_macro   0x000000000001b5fd      0x306 ./Core/Src/main.o
 .debug_macro   0x000000000001b903       0x40 ./Core/Src/main.o
 .debug_macro   0x000000000001b943       0x52 ./Core/Src/main.o
 .debug_macro   0x000000000001b995       0x16 ./Core/Src/main.o
 .debug_macro   0x000000000001b9ab       0x10 ./Core/Src/main.o
 .debug_macro   0x000000000001b9bb       0x10 ./Core/Src/main.o
 .debug_macro   0x000000000001b9cb       0x1c ./Core/Src/main.o
 .debug_macro   0x000000000001b9e7       0x52 ./Core/Src/main.o
 .debug_macro   0x000000000001ba39       0x22 ./Core/Src/main.o
 .debug_macro   0x000000000001ba5b       0x10 ./Core/Src/main.o
 .debug_macro   0x000000000001ba6b       0x52 ./Core/Src/main.o
 .debug_macro   0x000000000001babd       0xd5 ./Core/Src/main.o
 .debug_macro   0x000000000001bb92       0x1c ./Core/Src/main.o
 .debug_macro   0x000000000001bbae       0x3d ./Core/Src/main.o
 .debug_macro   0x000000000001bbeb       0x16 ./Core/Src/main.o
 .debug_macro   0x000000000001bc01      0x145 ./Core/Src/main.o
 .debug_macro   0x000000000001bd46       0x16 ./Core/Src/main.o
 .debug_macro   0x000000000001bd5c      0x1ce ./Core/Src/stm32g4xx_hal_msp.o
 .debug_macro   0x000000000001bf2a      0x1d8 ./Core/Src/stm32g4xx_it.o
 .debug_macro   0x000000000001c102      0x1bf ./Core/Src/system_stm32g4xx.o
 .debug_macro   0x000000000001c2c1      0x20d ./Drivers/STM32G4xx_HAL_Driver/Src/stm32g4xx_hal.o
 .debug_macro   0x000000000001c4ce      0x1bf ./Drivers/STM32G4xx_HAL_Driver/Src/stm32g4xx_hal_cortex.o
 .debug_macro   0x000000000001c68d      0x1c6 ./Drivers/STM32G4xx_HAL_Driver/Src/stm32g4xx_hal_gpio.o
 .debug_macro   0x000000000001c853      0x1d7 ./Drivers/STM32G4xx_HAL_Driver/Src/stm32g4xx_hal_pwr.o
 .debug_macro   0x000000000001ca2a      0x1e9 ./Drivers/STM32G4xx_HAL_Driver/Src/stm32g4xx_hal_pwr_ex.o
 .debug_macro   0x000000000001cc13      0x201 ./Drivers/STM32G4xx_HAL_Driver/Src/stm32g4xx_hal_rcc.o
 .debug_macro   0x000000000001ce14      0x1e9 ./Drivers/STM32G4xx_HAL_Driver/Src/stm32g4xx_hal_rcc_ex.o
 .debug_macro   0x000000000001cffd      0x1c0 ./Drivers/STM32G4xx_HAL_Driver/Src/stm32g4xx_hal_rtc.o
 .debug_macro   0x000000000001d1bd      0x1bf ./Drivers/STM32G4xx_HAL_Driver/Src/stm32g4xx_hal_rtc_ex.o

.debug_line     0x0000000000000000     0x9f3a
 .debug_line    0x0000000000000000      0x605 ./Core/Src/bubble_sort.o
 .debug_line    0x0000000000000605      0xc04 ./Core/Src/main.o
 .debug_line    0x0000000000001209      0x6fc ./Core/Src/stm32g4xx_hal_msp.o
 .debug_line    0x0000000000001905      0x786 ./Core/Src/stm32g4xx_it.o
 .debug_line    0x000000000000208b      0x715 ./Core/Src/system_stm32g4xx.o
 .debug_line    0x00000000000027a0       0x89 ./Core/Startup/startup_stm32g431kbtx.o
 .debug_line    0x0000000000002829      0xa8c ./Drivers/STM32G4xx_HAL_Driver/Src/stm32g4xx_hal.o
 .debug_line    0x00000000000032b5      0xc3f ./Drivers/STM32G4xx_HAL_Driver/Src/stm32g4xx_hal_cortex.o
 .debug_line    0x0000000000003ef4      0xacf ./Drivers/STM32G4xx_HAL_Driver/Src/stm32g4xx_hal_gpio.o
 .debug_line    0x00000000000049c3      0x879 ./Drivers/STM32G4xx_HAL_Driver/Src/stm32g4xx_hal_pwr.o
 .debug_line    0x000000000000523c      0xc43 ./Drivers/STM32G4xx_HAL_Driver/Src/stm32g4xx_hal_pwr_ex.o
 .debug_line    0x0000000000005e7f      0xea2 ./Drivers/STM32G4xx_HAL_Driver/Src/stm32g4xx_hal_rcc.o
 .debug_line    0x0000000000006d21     0x1065 ./Drivers/STM32G4xx_HAL_Driver/Src/stm32g4xx_hal_rcc_ex.o
 .debug_line    0x0000000000007d86      0xf71 ./Drivers/STM32G4xx_HAL_Driver/Src/stm32g4xx_hal_rtc.o
 .debug_line    0x0000000000008cf7     0x1243 ./Drivers/STM32G4xx_HAL_Driver/Src/stm32g4xx_hal_rtc_ex.o

.debug_str      0x0000000000000000    0xb71d7
 .debug_str     0x0000000000000000     0x61fd ./Core/Src/bubble_sort.o
                                       0x6308 (size before relaxing)
 .debug_str     0x00000000000061fd    0xae414 ./Core/Src/main.o
                                      0xb48aa (size before relaxing)
 .debug_str     0x00000000000b4611      0x664 ./Core/Src/stm32g4xx_hal_msp.o
                                      0xb0c2c (size before relaxing)
 .debug_str     0x00000000000b4c75       0xfd ./Core/Src/stm32g4xx_it.o
                                      0xb0539 (size before relaxing)
 .debug_str     0x00000000000b4d72       0xd6 ./Core/Src/system_stm32g4xx.o
                                      0xb03bd (size before relaxing)
 .debug_str     0x00000000000b4e48       0x36 ./Core/Startup/startup_stm32g431kbtx.o
                                         0x79 (size before relaxing)
 .debug_str     0x00000000000b4e7e      0x5a7 ./Drivers/STM32G4xx_HAL_Driver/Src/stm32g4xx_hal.o
                                      0xb0ed5 (size before relaxing)
 .debug_str     0x00000000000b5425      0x329 ./Drivers/STM32G4xx_HAL_Driver/Src/stm32g4xx_hal_cortex.o
                                      0xb0b80 (size before relaxing)
 .debug_str     0x00000000000b574e      0x174 ./Drivers/STM32G4xx_HAL_Driver/Src/stm32g4xx_hal_gpio.o
                                      0xb0548 (size before relaxing)
 .debug_str     0x00000000000b58c2      0x2c9 ./Drivers/STM32G4xx_HAL_Driver/Src/stm32g4xx_hal_pwr.o
                                      0xb072d (size before relaxing)
 .debug_str     0x00000000000b5b8b      0x3d5 ./Drivers/STM32G4xx_HAL_Driver/Src/stm32g4xx_hal_pwr_ex.o
                                      0xb08ab (size before relaxing)
 .debug_str     0x00000000000b5f60      0x47c ./Drivers/STM32G4xx_HAL_Driver/Src/stm32g4xx_hal_rcc.o
                                      0xb0ab6 (size before relaxing)
 .debug_str     0x00000000000b63dc      0x3e0 ./Drivers/STM32G4xx_HAL_Driver/Src/stm32g4xx_hal_rcc_ex.o
                                      0xb0ab7 (size before relaxing)
 .debug_str     0x00000000000b67bc      0x3b5 ./Drivers/STM32G4xx_HAL_Driver/Src/stm32g4xx_hal_rtc.o
                                      0xb0823 (size before relaxing)
 .debug_str     0x00000000000b6b71      0x666 ./Drivers/STM32G4xx_HAL_Driver/Src/stm32g4xx_hal_rtc_ex.o
                                      0xb0c5a (size before relaxing)

.comment        0x0000000000000000       0x50
 .comment       0x0000000000000000       0x50 ./Core/Src/bubble_sort.o
                                         0x51 (size before relaxing)
 .comment       0x0000000000000050       0x51 ./Core/Src/main.o
 .comment       0x0000000000000050       0x51 ./Core/Src/stm32g4xx_hal_msp.o
 .comment       0x0000000000000050       0x51 ./Core/Src/stm32g4xx_it.o
 .comment       0x0000000000000050       0x51 ./Core/Src/system_stm32g4xx.o
 .comment       0x0000000000000050       0x51 ./Drivers/STM32G4xx_HAL_Driver/Src/stm32g4xx_hal.o
 .comment       0x0000000000000050       0x51 ./Drivers/STM32G4xx_HAL_Driver/Src/stm32g4xx_hal_cortex.o
 .comment       0x0000000000000050       0x51 ./Drivers/STM32G4xx_HAL_Driver/Src/stm32g4xx_hal_gpio.o
 .comment       0x0000000000000050       0x51 ./Drivers/STM32G4xx_HAL_Driver/Src/stm32g4xx_hal_pwr.o
 .comment       0x0000000000000050       0x51 ./Drivers/STM32G4xx_HAL_Driver/Src/stm32g4xx_hal_pwr_ex.o
 .comment       0x0000000000000050       0x51 ./Drivers/STM32G4xx_HAL_Driver/Src/stm32g4xx_hal_rcc.o
 .comment       0x0000000000000050       0x51 ./Drivers/STM32G4xx_HAL_Driver/Src/stm32g4xx_hal_rcc_ex.o
 .comment       0x0000000000000050       0x51 ./Drivers/STM32G4xx_HAL_Driver/Src/stm32g4xx_hal_rtc.o
 .comment       0x0000000000000050       0x51 ./Drivers/STM32G4xx_HAL_Driver/Src/stm32g4xx_hal_rtc_ex.o

.debug_frame    0x0000000000000000     0x261c
 .debug_frame   0x0000000000000000       0xb4 ./Core/Src/bubble_sort.o
 .debug_frame   0x00000000000000b4      0x1c0 ./Core/Src/main.o
 .debug_frame   0x0000000000000274       0x80 ./Core/Src/stm32g4xx_hal_msp.o
 .debug_frame   0x00000000000002f4      0x120 ./Core/Src/stm32g4xx_it.o
 .debug_frame   0x0000000000000414       0x58 ./Core/Src/system_stm32g4xx.o
 .debug_frame   0x000000000000046c      0x4a0 ./Drivers/STM32G4xx_HAL_Driver/Src/stm32g4xx_hal.o
 .debug_frame   0x000000000000090c      0x498 ./Drivers/STM32G4xx_HAL_Driver/Src/stm32g4xx_hal_cortex.o
 .debug_frame   0x0000000000000da4      0x14c ./Drivers/STM32G4xx_HAL_Driver/Src/stm32g4xx_hal_gpio.o
 .debug_frame   0x0000000000000ef0      0x230 ./Drivers/STM32G4xx_HAL_Driver/Src/stm32g4xx_hal_pwr.o
 .debug_frame   0x0000000000001120      0x4fc ./Drivers/STM32G4xx_HAL_Driver/Src/stm32g4xx_hal_pwr_ex.o
 .debug_frame   0x000000000000161c      0x23c ./Drivers/STM32G4xx_HAL_Driver/Src/stm32g4xx_hal_rcc.o
 .debug_frame   0x0000000000001858      0x2ac ./Drivers/STM32G4xx_HAL_Driver/Src/stm32g4xx_hal_rcc_ex.o
 .debug_frame   0x0000000000001b04      0x3f4 ./Drivers/STM32G4xx_HAL_Driver/Src/stm32g4xx_hal_rtc.o
 .debug_frame   0x0000000000001ef8      0x6b0 ./Drivers/STM32G4xx_HAL_Driver/Src/stm32g4xx_hal_rtc_ex.o
 .debug_frame   0x00000000000025a8       0x2c c:/st/stm32cubeide_1.12.1/stm32cubeide/plugins/com.st.stm32cube.ide.mcu.externaltools.gnu-tools-for-stm32.10.3-2021.10.win32_1.0.200.202301161003/tools/bin/../lib/gcc/arm-none-eabi/10.3.1/../../../../arm-none-eabi/lib/thumb/v7e-m+fp/hard\libc_nano.a(lib_a-init.o)
 .debug_frame   0x00000000000025d4       0x28 c:/st/stm32cubeide_1.12.1/stm32cubeide/plugins/com.st.stm32cube.ide.mcu.externaltools.gnu-tools-for-stm32.10.3-2021.10.win32_1.0.200.202301161003/tools/bin/../lib/gcc/arm-none-eabi/10.3.1/../../../../arm-none-eabi/lib/thumb/v7e-m+fp/hard\libc_nano.a(lib_a-memcpy-stub.o)
 .debug_frame   0x00000000000025fc       0x20 c:/st/stm32cubeide_1.12.1/stm32cubeide/plugins/com.st.stm32cube.ide.mcu.externaltools.gnu-tools-for-stm32.10.3-2021.10.win32_1.0.200.202301161003/tools/bin/../lib/gcc/arm-none-eabi/10.3.1/../../../../arm-none-eabi/lib/thumb/v7e-m+fp/hard\libc_nano.a(lib_a-memset.o)
